[live-edit 807648281.744] session prepare sessionID=1098ECAF-C217-46B7-8DFC-BB9C3F1A9348 photoID=A2365861-0F28-4AD8-A5E6-5F1F695493EE count=1
[live-edit 807648281.949] CIRAWFilter apply sessionID=1098ECAF-C217-46B7-8DFC-BB9C3F1A9348 tier=interactive exposure=0.3 temp=5600.0 scale=0.2667
[live-edit 807648282.378] CIRAWFilter apply sessionID=1098ECAF-C217-46B7-8DFC-BB9C3F1A9348 tier=interactive exposure=-1.5 temp=6500.0 scale=0.2667
[live-edit 807648282.499] CIRAWFilter apply sessionID=1098ECAF-C217-46B7-8DFC-BB9C3F1A9348 tier=interactive exposure=1.5 temp=6500.0 scale=0.2667
[live-edit 807648282.545] CIRAWFilter apply sessionID=1098ECAF-C217-46B7-8DFC-BB9C3F1A9348 tier=interactive exposure=0.0 temp=4000.0 scale=0.2667
[live-edit 807648282.551] CIRAWFilter apply sessionID=1098ECAF-C217-46B7-8DFC-BB9C3F1A9348 tier=interactive exposure=0.0 temp=8000.0 scale=0.2667
[live-edit 807648282.596] CIRAWFilter apply sessionID=1098ECAF-C217-46B7-8DFC-BB9C3F1A9348 tier=interactive exposure=0.0 temp=6500.0 scale=0.2667
[live-edit 807648282.602] CIRAWFilter apply sessionID=1098ECAF-C217-46B7-8DFC-BB9C3F1A9348 tier=interactive exposure=0.0 temp=6500.0 scale=0.2667
[live-edit 807648282.648] CIRAWFilter apply sessionID=1098ECAF-C217-46B7-8DFC-BB9C3F1A9348 tier=interactive exposure=0.0 temp=6500.0 scale=0.2667
[live-edit 807648282.896] slider event photoID=A2365861-0F28-4AD8-A5E6-5F1F695493EE sessionID=536FC959-1A51-424F-A48D-45CEF3B54C60 recipeRevision=1 control=exposure value=0.000
[live-edit 807648282.896] render start requestID=18394C0E-51D2-4DBE-8584-23BFDF5F848B photoID=A2365861-0F28-4AD8-A5E6-5F1F695493EE sessionID=1098ECAF-C217-46B7-8DFC-BB9C3F1A9348 recipeRevision=1 quality=interactive
[live-edit 807648282.896] render finish requestID=18394C0E-51D2-4DBE-8584-23BFDF5F848B durationMs=0.1 rawHit=true cancelled=false
[live-edit 807648282.896] publication accepted requestID=18394C0E-51D2-4DBE-8584-23BFDF5F848B recipeRevision=1 textureID=ObjectIdentifier(0x000000088e0d4280) inputToVisibleMs=0.7
[live-edit 807648282.906] slider event photoID=A2365861-0F28-4AD8-A5E6-5F1F695493EE sessionID=49800D99-7783-4981-93A9-0F6C4A16D77E recipeRevision=2 control=exposure value=0.050
[live-edit 807648282.906] render start requestID=A167FD72-9FE5-48BC-9BF1-137A5200D6FB photoID=A2365861-0F28-4AD8-A5E6-5F1F695493EE sessionID=1098ECAF-C217-46B7-8DFC-BB9C3F1A9348 recipeRevision=2 quality=interactive
[live-edit 807648282.906] CIRAWFilter apply sessionID=1098ECAF-C217-46B7-8DFC-BB9C3F1A9348 tier=interactive exposure=0.05 temp=6500.0 scale=0.2667
[live-edit 807648282.907] render finish requestID=A167FD72-9FE5-48BC-9BF1-137A5200D6FB durationMs=0.8 rawHit=false cancelled=false
[live-edit 807648282.907] publication accepted requestID=A167FD72-9FE5-48BC-9BF1-137A5200D6FB recipeRevision=2 textureID=ObjectIdentifier(0x000000088e0d5c00) inputToVisibleMs=1.0
[live-edit 807648282.916] slider event photoID=A2365861-0F28-4AD8-A5E6-5F1F695493EE sessionID=9F539AAF-4353-4BE9-8AD7-A69833FFF6DF recipeRevision=3 control=exposure value=0.100
[live-edit 807648282.916] render start requestID=37A378F0-5BD0-485F-A897-B3063C35F96D photoID=A2365861-0F28-4AD8-A5E6-5F1F695493EE sessionID=1098ECAF-C217-46B7-8DFC-BB9C3F1A9348 recipeRevision=3 quality=interactive
[live-edit 807648282.916] CIRAWFilter apply sessionID=1098ECAF-C217-46B7-8DFC-BB9C3F1A9348 tier=interactive exposure=0.1 temp=6500.0 scale=0.2667
[live-edit 807648282.917] render finish requestID=37A378F0-5BD0-485F-A897-B3063C35F96D durationMs=0.8 rawHit=false cancelled=false
[live-edit 807648282.917] publication accepted requestID=37A378F0-5BD0-485F-A897-B3063C35F96D recipeRevision=3 textureID=ObjectIdentifier(0x000000088e0d5c60) inputToVisibleMs=1.0
[live-edit 807648282.926] slider event photoID=A2365861-0F28-4AD8-A5E6-5F1F695493EE sessionID=3E42890C-351A-4485-A062-FED8A08E073A recipeRevision=4 control=exposure value=0.150
[live-edit 807648282.926] render start requestID=48E88A38-A422-4E05-A5A2-B44D5607C817 photoID=A2365861-0F28-4AD8-A5E6-5F1F695493EE sessionID=1098ECAF-C217-46B7-8DFC-BB9C3F1A9348 recipeRevision=4 quality=interactive
[live-edit 807648282.926] CIRAWFilter apply sessionID=1098ECAF-C217-46B7-8DFC-BB9C3F1A9348 tier=interactive exposure=0.15000000000000002 temp=6500.0 scale=0.2667
[live-edit 807648282.927] render finish requestID=48E88A38-A422-4E05-A5A2-B44D5607C817 durationMs=0.6 rawHit=false cancelled=false
[live-edit 807648282.927] publication accepted requestID=48E88A38-A422-4E05-A5A2-B44D5607C817 recipeRevision=4 textureID=ObjectIdentifier(0x000000088e0d5cc0) inputToVisibleMs=0.8
[live-edit 807648282.936] slider event photoID=A2365861-0F28-4AD8-A5E6-5F1F695493EE sessionID=58247F56-63ED-45C3-8B2E-2C818D8CA5C3 recipeRevision=5 control=exposure value=0.200
[live-edit 807648282.936] render start requestID=76DA5E4A-1C80-4255-B23D-7985864E3E49 photoID=A2365861-0F28-4AD8-A5E6-5F1F695493EE sessionID=1098ECAF-C217-46B7-8DFC-BB9C3F1A9348 recipeRevision=5 quality=interactive
[live-edit 807648282.936] CIRAWFilter apply sessionID=1098ECAF-C217-46B7-8DFC-BB9C3F1A9348 tier=interactive exposure=0.2 temp=6500.0 scale=0.2667
[live-edit 807648282.937] render finish requestID=76DA5E4A-1C80-4255-B23D-7985864E3E49 durationMs=0.8 rawHit=false cancelled=false
[live-edit 807648282.937] publication accepted requestID=76DA5E4A-1C80-4255-B23D-7985864E3E49 recipeRevision=5 textureID=ObjectIdentifier(0x000000088e0d5d20) inputToVisibleMs=1.1
[live-edit 807648282.946] slider event photoID=A2365861-0F28-4AD8-A5E6-5F1F695493EE sessionID=7008FCA7-8596-424C-AB25-C17A8B87FAB9 recipeRevision=6 control=exposure value=0.250
[live-edit 807648282.946] render start requestID=89358900-8FF7-4D9F-8980-62C12C93AEFB photoID=A2365861-0F28-4AD8-A5E6-5F1F695493EE sessionID=1098ECAF-C217-46B7-8DFC-BB9C3F1A9348 recipeRevision=6 quality=interactive
[live-edit 807648282.946] CIRAWFilter apply sessionID=1098ECAF-C217-46B7-8DFC-BB9C3F1A9348 tier=interactive exposure=0.25 temp=6500.0 scale=0.2667
[live-edit 807648282.947] render finish requestID=89358900-8FF7-4D9F-8980-62C12C93AEFB durationMs=0.8 rawHit=false cancelled=false
[live-edit 807648282.947] publication accepted requestID=89358900-8FF7-4D9F-8980-62C12C93AEFB recipeRevision=6 textureID=ObjectIdentifier(0x000000088e0d5f20) inputToVisibleMs=1.1
[live-edit 807648282.956] slider event photoID=A2365861-0F28-4AD8-A5E6-5F1F695493EE sessionID=BD151CB3-0CF0-44AA-9B1E-0D9DA1DEAB4B recipeRevision=7 control=exposure value=0.300
[live-edit 807648282.956] render start requestID=380A17B3-7429-4430-93AB-72C6E8C26D06 photoID=A2365861-0F28-4AD8-A5E6-5F1F695493EE sessionID=1098ECAF-C217-46B7-8DFC-BB9C3F1A9348 recipeRevision=7 quality=interactive
[live-edit 807648282.956] CIRAWFilter apply sessionID=1098ECAF-C217-46B7-8DFC-BB9C3F1A9348 tier=interactive exposure=0.30000000000000004 temp=6500.0 scale=0.2667
[live-edit 807648282.957] render finish requestID=380A17B3-7429-4430-93AB-72C6E8C26D06 durationMs=0.6 rawHit=false cancelled=false
[live-edit 807648282.957] publication accepted requestID=380A17B3-7429-4430-93AB-72C6E8C26D06 recipeRevision=7 textureID=ObjectIdentifier(0x000000088e0d6100) inputToVisibleMs=0.8
[live-edit 807648282.966] slider event photoID=A2365861-0F28-4AD8-A5E6-5F1F695493EE sessionID=209FF62D-B07D-4546-B283-18041735471C recipeRevision=8 control=exposure value=0.350
[live-edit 807648282.966] render start requestID=706A3461-4201-454E-97C8-0F81D6F24499 photoID=A2365861-0F28-4AD8-A5E6-5F1F695493EE sessionID=1098ECAF-C217-46B7-8DFC-BB9C3F1A9348 recipeRevision=8 quality=interactive
[live-edit 807648282.966] CIRAWFilter apply sessionID=1098ECAF-C217-46B7-8DFC-BB9C3F1A9348 tier=interactive exposure=0.35000000000000003 temp=6500.0 scale=0.2667
[live-edit 807648282.967] render finish requestID=706A3461-4201-454E-97C8-0F81D6F24499 durationMs=0.8 rawHit=false cancelled=false
[live-edit 807648282.967] publication accepted requestID=706A3461-4201-454E-97C8-0F81D6F24499 recipeRevision=8 textureID=ObjectIdentifier(0x000000088e0d6300) inputToVisibleMs=1.1
[live-edit 807648282.976] slider event photoID=A2365861-0F28-4AD8-A5E6-5F1F695493EE sessionID=0870DAD4-9D52-4F5A-9F73-43F96C71E522 recipeRevision=9 control=exposure value=0.400
[live-edit 807648282.976] render start requestID=8A92F6FD-3EAC-4E0C-B952-3EB94583BB26 photoID=A2365861-0F28-4AD8-A5E6-5F1F695493EE sessionID=1098ECAF-C217-46B7-8DFC-BB9C3F1A9348 recipeRevision=9 quality=interactive
[live-edit 807648282.977] CIRAWFilter apply sessionID=1098ECAF-C217-46B7-8DFC-BB9C3F1A9348 tier=interactive exposure=0.4 temp=6500.0 scale=0.2667
[live-edit 807648282.977] render finish requestID=8A92F6FD-3EAC-4E0C-B952-3EB94583BB26 durationMs=0.8 rawHit=false cancelled=false
[live-edit 807648282.977] publication accepted requestID=8A92F6FD-3EAC-4E0C-B952-3EB94583BB26 recipeRevision=9 textureID=ObjectIdentifier(0x000000088e0d64e0) inputToVisibleMs=1.0
[live-edit 807648282.987] slider event photoID=A2365861-0F28-4AD8-A5E6-5F1F695493EE sessionID=B9EFA7E4-E519-4543-AF8E-D90D36209F11 recipeRevision=10 control=exposure value=0.450
[live-edit 807648282.987] render start requestID=C78972AF-992F-4FC9-B0AD-2A6E00AABDFF photoID=A2365861-0F28-4AD8-A5E6-5F1F695493EE sessionID=1098ECAF-C217-46B7-8DFC-BB9C3F1A9348 recipeRevision=10 quality=interactive
[live-edit 807648282.987] CIRAWFilter apply sessionID=1098ECAF-C217-46B7-8DFC-BB9C3F1A9348 tier=interactive exposure=0.45 temp=6500.0 scale=0.2667
[live-edit 807648282.987] render finish requestID=C78972AF-992F-4FC9-B0AD-2A6E00AABDFF durationMs=0.7 rawHit=false cancelled=false
[live-edit 807648282.987] publication accepted requestID=C78972AF-992F-4FC9-B0AD-2A6E00AABDFF recipeRevision=10 textureID=ObjectIdentifier(0x000000088e0d6700) inputToVisibleMs=1.0
[live-edit 807648282.996] slider event photoID=A2365861-0F28-4AD8-A5E6-5F1F695493EE sessionID=D58BFFE9-B27D-404C-899F-D8468254C9DD recipeRevision=11 control=exposure value=0.500
[live-edit 807648282.996] render start requestID=5F8C8635-9E3A-4337-86E7-4AD36FDC0EA5 photoID=A2365861-0F28-4AD8-A5E6-5F1F695493EE sessionID=1098ECAF-C217-46B7-8DFC-BB9C3F1A9348 recipeRevision=11 quality=interactive
[live-edit 807648282.996] CIRAWFilter apply sessionID=1098ECAF-C217-46B7-8DFC-BB9C3F1A9348 tier=interactive exposure=0.5 temp=6500.0 scale=0.2667
[live-edit 807648282.997] render finish requestID=5F8C8635-9E3A-4337-86E7-4AD36FDC0EA5 durationMs=0.9 rawHit=false cancelled=false
[live-edit 807648282.997] publication accepted requestID=5F8C8635-9E3A-4337-86E7-4AD36FDC0EA5 recipeRevision=11 textureID=ObjectIdentifier(0x000000088e0d68e0) inputToVisibleMs=1.1
[live-edit 807648283.006] slider event photoID=A2365861-0F28-4AD8-A5E6-5F1F695493EE sessionID=EC9AFB9B-0118-4905-83EE-702380B637FE recipeRevision=12 control=exposure value=0.550
[live-edit 807648283.006] render start requestID=DD640326-3CDE-40DE-A138-671B0F7A89A0 photoID=A2365861-0F28-4AD8-A5E6-5F1F695493EE sessionID=1098ECAF-C217-46B7-8DFC-BB9C3F1A9348 recipeRevision=12 quality=interactive
[live-edit 807648283.006] CIRAWFilter apply sessionID=1098ECAF-C217-46B7-8DFC-BB9C3F1A9348 tier=interactive exposure=0.55 temp=6500.0 scale=0.2667
[live-edit 807648283.007] render finish requestID=DD640326-3CDE-40DE-A138-671B0F7A89A0 durationMs=0.7 rawHit=false cancelled=false
[live-edit 807648283.007] publication accepted requestID=DD640326-3CDE-40DE-A138-671B0F7A89A0 recipeRevision=12 textureID=ObjectIdentifier(0x000000088e0d6ae0) inputToVisibleMs=0.9
[live-edit 807648283.016] slider event photoID=A2365861-0F28-4AD8-A5E6-5F1F695493EE sessionID=73402FD2-A760-4F01-8EE6-1F7260117EF6 recipeRevision=13 control=exposure value=0.600
[live-edit 807648283.016] render start requestID=75A5EC88-3ECE-459C-8583-51A0310365FB photoID=A2365861-0F28-4AD8-A5E6-5F1F695493EE sessionID=1098ECAF-C217-46B7-8DFC-BB9C3F1A9348 recipeRevision=13 quality=interactive
[live-edit 807648283.016] CIRAWFilter apply sessionID=1098ECAF-C217-46B7-8DFC-BB9C3F1A9348 tier=interactive exposure=0.6000000000000001 temp=6500.0 scale=0.2667
[live-edit 807648283.017] render finish requestID=75A5EC88-3ECE-459C-8583-51A0310365FB durationMs=0.9 rawHit=false cancelled=false
[live-edit 807648283.017] publication accepted requestID=75A5EC88-3ECE-459C-8583-51A0310365FB recipeRevision=13 textureID=ObjectIdentifier(0x000000088e0d6cc0) inputToVisibleMs=1.1
[live-edit 807648283.026] slider event photoID=A2365861-0F28-4AD8-A5E6-5F1F695493EE sessionID=5B8BF22B-9489-478E-87F9-8EA943E58DDB recipeRevision=14 control=exposure value=0.650
[live-edit 807648283.026] render start requestID=E124BFA0-010F-4F0C-802B-9ED04EA4D501 photoID=A2365861-0F28-4AD8-A5E6-5F1F695493EE sessionID=1098ECAF-C217-46B7-8DFC-BB9C3F1A9348 recipeRevision=14 quality=interactive
[live-edit 807648283.027] CIRAWFilter apply sessionID=1098ECAF-C217-46B7-8DFC-BB9C3F1A9348 tier=interactive exposure=0.65 temp=6500.0 scale=0.2667
[live-edit 807648283.027] render finish requestID=E124BFA0-010F-4F0C-802B-9ED04EA4D501 durationMs=0.8 rawHit=false cancelled=false
[live-edit 807648283.027] publication accepted requestID=E124BFA0-010F-4F0C-802B-9ED04EA4D501 recipeRevision=14 textureID=ObjectIdentifier(0x000000088e0d6ee0) inputToVisibleMs=1.0
[live-edit 807648283.036] slider event photoID=A2365861-0F28-4AD8-A5E6-5F1F695493EE sessionID=3AA6E596-7D5C-49E6-B37A-09A048F777C5 recipeRevision=15 control=exposure value=0.700
[live-edit 807648283.037] render start requestID=856DAD69-9017-47F0-9F6B-1E34584F3D58 photoID=A2365861-0F28-4AD8-A5E6-5F1F695493EE sessionID=1098ECAF-C217-46B7-8DFC-BB9C3F1A9348 recipeRevision=15 quality=interactive
[live-edit 807648283.037] CIRAWFilter apply sessionID=1098ECAF-C217-46B7-8DFC-BB9C3F1A9348 tier=interactive exposure=0.7000000000000001 temp=6500.0 scale=0.2667
[live-edit 807648283.038] render finish requestID=856DAD69-9017-47F0-9F6B-1E34584F3D58 durationMs=1.1 rawHit=false cancelled=false
[live-edit 807648283.038] publication accepted requestID=856DAD69-9017-47F0-9F6B-1E34584F3D58 recipeRevision=15 textureID=ObjectIdentifier(0x000000088e0d70c0) inputToVisibleMs=1.4
[live-edit 807648283.047] slider event photoID=A2365861-0F28-4AD8-A5E6-5F1F695493EE sessionID=BA615F9E-5957-4933-A1ED-F3BBDC5F880C recipeRevision=16 control=exposure value=0.750
[live-edit 807648283.047] render start requestID=0FFB21DC-B17F-48EE-83ED-E2AE526FF654 photoID=A2365861-0F28-4AD8-A5E6-5F1F695493EE sessionID=1098ECAF-C217-46B7-8DFC-BB9C3F1A9348 recipeRevision=16 quality=interactive
[live-edit 807648283.047] CIRAWFilter apply sessionID=1098ECAF-C217-46B7-8DFC-BB9C3F1A9348 tier=interactive exposure=0.75 temp=6500.0 scale=0.2667
[live-edit 807648283.048] render finish requestID=0FFB21DC-B17F-48EE-83ED-E2AE526FF654 durationMs=1.2 rawHit=false cancelled=false
[live-edit 807648283.048] publication accepted requestID=0FFB21DC-B17F-48EE-83ED-E2AE526FF654 recipeRevision=16 textureID=ObjectIdentifier(0x000000088e0d72c0) inputToVisibleMs=1.6
[live-edit 807648283.057] slider event photoID=A2365861-0F28-4AD8-A5E6-5F1F695493EE sessionID=E95108F5-E52C-44C5-8D5F-619D9E03BEF9 recipeRevision=17 control=exposure value=0.800
[live-edit 807648283.057] render start requestID=98281CB2-DEC7-4712-A919-781215101615 photoID=A2365861-0F28-4AD8-A5E6-5F1F695493EE sessionID=1098ECAF-C217-46B7-8DFC-BB9C3F1A9348 recipeRevision=17 quality=interactive
[live-edit 807648283.057] CIRAWFilter apply sessionID=1098ECAF-C217-46B7-8DFC-BB9C3F1A9348 tier=interactive exposure=0.8 temp=6500.0 scale=0.2667
[live-edit 807648283.058] render finish requestID=98281CB2-DEC7-4712-A919-781215101615 durationMs=0.9 rawHit=false cancelled=false
[live-edit 807648283.058] publication accepted requestID=98281CB2-DEC7-4712-A919-781215101615 recipeRevision=17 textureID=ObjectIdentifier(0x000000088e0d74a0) inputToVisibleMs=1.1
[live-edit 807648283.067] slider event photoID=A2365861-0F28-4AD8-A5E6-5F1F695493EE sessionID=0038C47B-6812-4C80-91CD-3A0BF1EF93F8 recipeRevision=18 control=exposure value=0.850
[live-edit 807648283.067] render start requestID=DA809AE7-F2F2-4481-8266-79104F6D8991 photoID=A2365861-0F28-4AD8-A5E6-5F1F695493EE sessionID=1098ECAF-C217-46B7-8DFC-BB9C3F1A9348 recipeRevision=18 quality=interactive
[live-edit 807648283.067] CIRAWFilter apply sessionID=1098ECAF-C217-46B7-8DFC-BB9C3F1A9348 tier=interactive exposure=0.8500000000000001 temp=6500.0 scale=0.2667
[live-edit 807648283.068] render finish requestID=DA809AE7-F2F2-4481-8266-79104F6D8991 durationMs=1.0 rawHit=false cancelled=false
[live-edit 807648283.068] publication accepted requestID=DA809AE7-F2F2-4481-8266-79104F6D8991 recipeRevision=18 textureID=ObjectIdentifier(0x000000088e0d76a0) inputToVisibleMs=1.2
[live-edit 807648283.077] slider event photoID=A2365861-0F28-4AD8-A5E6-5F1F695493EE sessionID=907E4DD2-9C3C-4F12-AD7A-6C1911A0BB14 recipeRevision=19 control=exposure value=0.900
[live-edit 807648283.077] render start requestID=FDB3B9CB-FA28-49A9-AEAF-7382EDC2E83F photoID=A2365861-0F28-4AD8-A5E6-5F1F695493EE sessionID=1098ECAF-C217-46B7-8DFC-BB9C3F1A9348 recipeRevision=19 quality=interactive
[live-edit 807648283.077] CIRAWFilter apply sessionID=1098ECAF-C217-46B7-8DFC-BB9C3F1A9348 tier=interactive exposure=0.9 temp=6500.0 scale=0.2667
[live-edit 807648283.078] render finish requestID=FDB3B9CB-FA28-49A9-AEAF-7382EDC2E83F durationMs=1.0 rawHit=false cancelled=false
[live-edit 807648283.078] publication accepted requestID=FDB3B9CB-FA28-49A9-AEAF-7382EDC2E83F recipeRevision=19 textureID=ObjectIdentifier(0x000000088e0d78a0) inputToVisibleMs=1.3
[live-edit 807648283.086] slider event photoID=A2365861-0F28-4AD8-A5E6-5F1F695493EE sessionID=C256AB7D-0B9E-4488-8B19-7EE06DB58942 recipeRevision=20 control=exposure value=0.950
[live-edit 807648283.086] render start requestID=38F7B40C-FD48-4068-8AD8-17B8F94037D1 photoID=A2365861-0F28-4AD8-A5E6-5F1F695493EE sessionID=1098ECAF-C217-46B7-8DFC-BB9C3F1A9348 recipeRevision=20 quality=interactive
[live-edit 807648283.086] CIRAWFilter apply sessionID=1098ECAF-C217-46B7-8DFC-BB9C3F1A9348 tier=interactive exposure=0.9500000000000001 temp=6500.0 scale=0.2667
[live-edit 807648283.087] render finish requestID=38F7B40C-FD48-4068-8AD8-17B8F94037D1 durationMs=0.8 rawHit=false cancelled=false
[live-edit 807648283.087] publication accepted requestID=38F7B40C-FD48-4068-8AD8-17B8F94037D1 recipeRevision=20 textureID=ObjectIdentifier(0x000000088e0d7aa0) inputToVisibleMs=1.0
[live-edit 807648283.095] slider event photoID=A2365861-0F28-4AD8-A5E6-5F1F695493EE sessionID=C2E454FB-5221-45DA-98CE-8363420B3F52 recipeRevision=21 control=exposure value=1.000
[live-edit 807648283.095] render start requestID=3A567D82-C79B-408D-B163-929F9B85D1DF photoID=A2365861-0F28-4AD8-A5E6-5F1F695493EE sessionID=1098ECAF-C217-46B7-8DFC-BB9C3F1A9348 recipeRevision=21 quality=interactive
[live-edit 807648283.095] CIRAWFilter apply sessionID=1098ECAF-C217-46B7-8DFC-BB9C3F1A9348 tier=interactive exposure=1.0 temp=6500.0 scale=0.2667
[live-edit 807648283.096] render finish requestID=3A567D82-C79B-408D-B163-929F9B85D1DF durationMs=1.1 rawHit=false cancelled=false
[live-edit 807648283.096] publication accepted requestID=3A567D82-C79B-408D-B163-929F9B85D1DF recipeRevision=21 textureID=ObjectIdentifier(0x000000088e0d7c80) inputToVisibleMs=1.5
[live-edit 807648283.103] slider event photoID=A2365861-0F28-4AD8-A5E6-5F1F695493EE sessionID=69E441E8-C07E-4236-9E18-25E21533215E recipeRevision=22 control=exposure value=1.050
[live-edit 807648283.103] render start requestID=700B2876-EADD-4535-901A-D6F4748BDB64 photoID=A2365861-0F28-4AD8-A5E6-5F1F695493EE sessionID=1098ECAF-C217-46B7-8DFC-BB9C3F1A9348 recipeRevision=22 quality=interactive
[live-edit 807648283.103] CIRAWFilter apply sessionID=1098ECAF-C217-46B7-8DFC-BB9C3F1A9348 tier=interactive exposure=1.05 temp=6500.0 scale=0.2667
[live-edit 807648283.104] render finish requestID=700B2876-EADD-4535-901A-D6F4748BDB64 durationMs=1.1 rawHit=false cancelled=false
[live-edit 807648283.104] publication accepted requestID=700B2876-EADD-4535-901A-D6F4748BDB64 recipeRevision=22 textureID=ObjectIdentifier(0x000000088e0d7e80) inputToVisibleMs=1.4
[live-edit 807648283.111] slider event photoID=A2365861-0F28-4AD8-A5E6-5F1F695493EE sessionID=89630793-EF97-4131-A0B4-22A1233B55E6 recipeRevision=23 control=exposure value=1.100
[live-edit 807648283.111] render start requestID=32CFCDD8-6580-4AD2-96BB-4BBB1C5B0450 photoID=A2365861-0F28-4AD8-A5E6-5F1F695493EE sessionID=1098ECAF-C217-46B7-8DFC-BB9C3F1A9348 recipeRevision=23 quality=interactive
[live-edit 807648283.112] CIRAWFilter apply sessionID=1098ECAF-C217-46B7-8DFC-BB9C3F1A9348 tier=interactive exposure=1.1 temp=6500.0 scale=0.2667
[live-edit 807648283.113] render finish requestID=32CFCDD8-6580-4AD2-96BB-4BBB1C5B0450 durationMs=1.4 rawHit=false cancelled=false
[live-edit 807648283.113] publication accepted requestID=32CFCDD8-6580-4AD2-96BB-4BBB1C5B0450 recipeRevision=23 textureID=ObjectIdentifier(0x000000088effff40) inputToVisibleMs=1.7
[live-edit 807648283.120] slider event photoID=A2365861-0F28-4AD8-A5E6-5F1F695493EE sessionID=12E7DD2C-8767-4F65-AEFA-B5FA4C900D53 recipeRevision=24 control=exposure value=1.150
[live-edit 807648283.120] render start requestID=42A2A782-4BFE-447C-AAFF-8460DF475700 photoID=A2365861-0F28-4AD8-A5E6-5F1F695493EE sessionID=1098ECAF-C217-46B7-8DFC-BB9C3F1A9348 recipeRevision=24 quality=interactive
[live-edit 807648283.121] CIRAWFilter apply sessionID=1098ECAF-C217-46B7-8DFC-BB9C3F1A9348 tier=interactive exposure=1.1500000000000001 temp=6500.0 scale=0.2667
[live-edit 807648283.121] render finish requestID=42A2A782-4BFE-447C-AAFF-8460DF475700 durationMs=1.0 rawHit=false cancelled=false
[live-edit 807648283.122] publication accepted requestID=42A2A782-4BFE-447C-AAFF-8460DF475700 recipeRevision=24 textureID=ObjectIdentifier(0x000000088e0d7ee0) inputToVisibleMs=1.2
[live-edit 807648283.129] slider event photoID=A2365861-0F28-4AD8-A5E6-5F1F695493EE sessionID=074462D6-15C9-4910-8ECC-33B9160B49BA recipeRevision=25 control=exposure value=1.200
[live-edit 807648283.130] render start requestID=4E0C58DF-3CD5-414D-9895-AD5239F5CE2C photoID=A2365861-0F28-4AD8-A5E6-5F1F695493EE sessionID=1098ECAF-C217-46B7-8DFC-BB9C3F1A9348 recipeRevision=25 quality=interactive
[live-edit 807648283.130] CIRAWFilter apply sessionID=1098ECAF-C217-46B7-8DFC-BB9C3F1A9348 tier=interactive exposure=1.2000000000000002 temp=6500.0 scale=0.2667
[live-edit 807648283.131] render finish requestID=4E0C58DF-3CD5-414D-9895-AD5239F5CE2C durationMs=1.4 rawHit=false cancelled=false
[live-edit 807648283.131] publication accepted requestID=4E0C58DF-3CD5-414D-9895-AD5239F5CE2C recipeRevision=25 textureID=ObjectIdentifier(0x000000088e0cfd00) inputToVisibleMs=1.7
[live-edit 807648283.140] slider event photoID=A2365861-0F28-4AD8-A5E6-5F1F695493EE sessionID=FFD9ACEF-A858-4CBC-BC23-DA4E1D169F84 recipeRevision=26 control=exposure value=1.250
[live-edit 807648283.140] render start requestID=F4D7ADE8-34D7-4754-8CA2-1BF8212B151A photoID=A2365861-0F28-4AD8-A5E6-5F1F695493EE sessionID=1098ECAF-C217-46B7-8DFC-BB9C3F1A9348 recipeRevision=26 quality=interactive
[live-edit 807648283.140] CIRAWFilter apply sessionID=1098ECAF-C217-46B7-8DFC-BB9C3F1A9348 tier=interactive exposure=1.25 temp=6500.0 scale=0.2667
[live-edit 807648283.141] render finish requestID=F4D7ADE8-34D7-4754-8CA2-1BF8212B151A durationMs=1.0 rawHit=false cancelled=false
[live-edit 807648283.141] publication accepted requestID=F4D7ADE8-34D7-4754-8CA2-1BF8212B151A recipeRevision=26 textureID=ObjectIdentifier(0x000000088efffaa0) inputToVisibleMs=1.3
[live-edit 807648283.148] slider event photoID=A2365861-0F28-4AD8-A5E6-5F1F695493EE sessionID=D7915C30-6476-4E45-A7B2-46FCCF4EF0B0 recipeRevision=27 control=exposure value=1.300
[live-edit 807648283.148] render start requestID=1C7B742B-45F5-475C-AD1B-2EFACAA5E444 photoID=A2365861-0F28-4AD8-A5E6-5F1F695493EE sessionID=1098ECAF-C217-46B7-8DFC-BB9C3F1A9348 recipeRevision=27 quality=interactive
[live-edit 807648283.149] CIRAWFilter apply sessionID=1098ECAF-C217-46B7-8DFC-BB9C3F1A9348 tier=interactive exposure=1.3 temp=6500.0 scale=0.2667
[live-edit 807648283.150] render finish requestID=1C7B742B-45F5-475C-AD1B-2EFACAA5E444 durationMs=1.2 rawHit=false cancelled=false
[live-edit 807648283.150] publication accepted requestID=1C7B742B-45F5-475C-AD1B-2EFACAA5E444 recipeRevision=27 textureID=ObjectIdentifier(0x000000088e0c3840) inputToVisibleMs=1.6
[live-edit 807648283.158] slider event photoID=A2365861-0F28-4AD8-A5E6-5F1F695493EE sessionID=A9B79636-ABE4-4D8B-A56F-2120D10B6366 recipeRevision=28 control=exposure value=1.350
[live-edit 807648283.158] render start requestID=744F7DDC-4B19-477C-B863-CA18B1B6F713 photoID=A2365861-0F28-4AD8-A5E6-5F1F695493EE sessionID=1098ECAF-C217-46B7-8DFC-BB9C3F1A9348 recipeRevision=28 quality=interactive
[live-edit 807648283.159] CIRAWFilter apply sessionID=1098ECAF-C217-46B7-8DFC-BB9C3F1A9348 tier=interactive exposure=1.35 temp=6500.0 scale=0.2667
[live-edit 807648283.160] render finish requestID=744F7DDC-4B19-477C-B863-CA18B1B6F713 durationMs=1.0 rawHit=false cancelled=false
[live-edit 807648283.160] publication accepted requestID=744F7DDC-4B19-477C-B863-CA18B1B6F713 recipeRevision=28 textureID=ObjectIdentifier(0x000000088ec50e80) inputToVisibleMs=1.3
[live-edit 807648283.168] slider event photoID=A2365861-0F28-4AD8-A5E6-5F1F695493EE sessionID=45B866AD-EDFF-48B3-B8B2-D6D8E865D8ED recipeRevision=29 control=exposure value=1.400
[live-edit 807648283.168] render start requestID=619DE5AA-EB65-4D36-A6E6-23A5DB680F56 photoID=A2365861-0F28-4AD8-A5E6-5F1F695493EE sessionID=1098ECAF-C217-46B7-8DFC-BB9C3F1A9348 recipeRevision=29 quality=interactive
[live-edit 807648283.169] CIRAWFilter apply sessionID=1098ECAF-C217-46B7-8DFC-BB9C3F1A9348 tier=interactive exposure=1.4000000000000001 temp=6500.0 scale=0.2667
[live-edit 807648283.170] render finish requestID=619DE5AA-EB65-4D36-A6E6-23A5DB680F56 durationMs=1.2 rawHit=false cancelled=false
[live-edit 807648283.170] publication accepted requestID=619DE5AA-EB65-4D36-A6E6-23A5DB680F56 recipeRevision=29 textureID=ObjectIdentifier(0x000000088e0f7320) inputToVisibleMs=1.5
[live-edit 807648283.177] slider event photoID=A2365861-0F28-4AD8-A5E6-5F1F695493EE sessionID=07F7F849-F436-4E16-95AD-6CFC01139B76 recipeRevision=30 control=exposure value=1.450
[live-edit 807648283.177] render start requestID=8584AD43-FFBA-44F8-87FE-2E2141653ADF photoID=A2365861-0F28-4AD8-A5E6-5F1F695493EE sessionID=1098ECAF-C217-46B7-8DFC-BB9C3F1A9348 recipeRevision=30 quality=interactive
[live-edit 807648283.177] CIRAWFilter apply sessionID=1098ECAF-C217-46B7-8DFC-BB9C3F1A9348 tier=interactive exposure=1.4500000000000002 temp=6500.0 scale=0.2667
[live-edit 807648283.178] render finish requestID=8584AD43-FFBA-44F8-87FE-2E2141653ADF durationMs=1.4 rawHit=false cancelled=false
[live-edit 807648283.179] publication accepted requestID=8584AD43-FFBA-44F8-87FE-2E2141653ADF recipeRevision=30 textureID=ObjectIdentifier(0x000000088e0f46c0) inputToVisibleMs=1.8
[live-edit 807648283.187] slider event photoID=A2365861-0F28-4AD8-A5E6-5F1F695493EE sessionID=0EC7D013-04AC-439E-86E4-01F520E7B87C recipeRevision=31 control=exposure value=1.500
[live-edit 807648283.187] render start requestID=F3F3621D-51B8-4F4E-B99A-B096EE243292 photoID=A2365861-0F28-4AD8-A5E6-5F1F695493EE sessionID=1098ECAF-C217-46B7-8DFC-BB9C3F1A9348 recipeRevision=31 quality=interactive
[live-edit 807648283.187] CIRAWFilter apply sessionID=1098ECAF-C217-46B7-8DFC-BB9C3F1A9348 tier=interactive exposure=1.5 temp=6500.0 scale=0.2667
[live-edit 807648283.188] render finish requestID=F3F3621D-51B8-4F4E-B99A-B096EE243292 durationMs=1.3 rawHit=false cancelled=false
[live-edit 807648283.188] publication accepted requestID=F3F3621D-51B8-4F4E-B99A-B096EE243292 recipeRevision=31 textureID=ObjectIdentifier(0x000000088e0f48c0) inputToVisibleMs=1.6
[live-edit 807648283.196] slider event photoID=A2365861-0F28-4AD8-A5E6-5F1F695493EE sessionID=C81E2255-A2D7-4066-AB8F-4CC2BF7C3A47 recipeRevision=32 control=exposure value=1.550
[live-edit 807648283.196] render start requestID=B1E645F7-2EFA-4D21-A0EC-CF06FAC442B9 photoID=A2365861-0F28-4AD8-A5E6-5F1F695493EE sessionID=1098ECAF-C217-46B7-8DFC-BB9C3F1A9348 recipeRevision=32 quality=interactive
[live-edit 807648283.197] CIRAWFilter apply sessionID=1098ECAF-C217-46B7-8DFC-BB9C3F1A9348 tier=interactive exposure=1.55 temp=6500.0 scale=0.2667
[live-edit 807648283.199] render finish requestID=B1E645F7-2EFA-4D21-A0EC-CF06FAC442B9 durationMs=1.9 rawHit=false cancelled=false
[live-edit 807648283.199] publication accepted requestID=B1E645F7-2EFA-4D21-A0EC-CF06FAC442B9 recipeRevision=32 textureID=ObjectIdentifier(0x000000088e0f4ac0) inputToVisibleMs=2.3
[live-edit 807648283.205] slider event photoID=A2365861-0F28-4AD8-A5E6-5F1F695493EE sessionID=F949D003-A59B-4BCA-96AC-D6ABC1E229C2 recipeRevision=33 control=exposure value=1.600
[live-edit 807648283.205] render start requestID=45ED2CB1-3C49-40C5-AC68-3E2B6F9537A1 photoID=A2365861-0F28-4AD8-A5E6-5F1F695493EE sessionID=1098ECAF-C217-46B7-8DFC-BB9C3F1A9348 recipeRevision=33 quality=interactive
[live-edit 807648283.205] CIRAWFilter apply sessionID=1098ECAF-C217-46B7-8DFC-BB9C3F1A9348 tier=interactive exposure=1.6 temp=6500.0 scale=0.2667
[live-edit 807648283.207] render finish requestID=45ED2CB1-3C49-40C5-AC68-3E2B6F9537A1 durationMs=2.3 rawHit=false cancelled=false
[live-edit 807648283.208] publication accepted requestID=45ED2CB1-3C49-40C5-AC68-3E2B6F9537A1 recipeRevision=33 textureID=ObjectIdentifier(0x000000088e0f4cc0) inputToVisibleMs=2.6
[live-edit 807648283.214] slider event photoID=A2365861-0F28-4AD8-A5E6-5F1F695493EE sessionID=4DF83360-6993-47C8-94A7-95852240D6C7 recipeRevision=34 control=exposure value=1.650
[live-edit 807648283.215] render start requestID=1F49BC93-3F9C-403A-A85E-0A05293D20DC photoID=A2365861-0F28-4AD8-A5E6-5F1F695493EE sessionID=1098ECAF-C217-46B7-8DFC-BB9C3F1A9348 recipeRevision=34 quality=interactive
[live-edit 807648283.215] CIRAWFilter apply sessionID=1098ECAF-C217-46B7-8DFC-BB9C3F1A9348 tier=interactive exposure=1.6500000000000001 temp=6500.0 scale=0.2667
[live-edit 807648283.216] render finish requestID=1F49BC93-3F9C-403A-A85E-0A05293D20DC durationMs=1.4 rawHit=false cancelled=false
[live-edit 807648283.216] publication accepted requestID=1F49BC93-3F9C-403A-A85E-0A05293D20DC recipeRevision=34 textureID=ObjectIdentifier(0x000000088e0f4ea0) inputToVisibleMs=1.9
[live-edit 807648283.223] slider event photoID=A2365861-0F28-4AD8-A5E6-5F1F695493EE sessionID=56FDCB88-09B6-4203-AF92-7D44E3B9ACDF recipeRevision=35 control=exposure value=1.700
[live-edit 807648283.224] render start requestID=C780BD2A-B0DA-46A2-90DC-B9590EB0398D photoID=A2365861-0F28-4AD8-A5E6-5F1F695493EE sessionID=1098ECAF-C217-46B7-8DFC-BB9C3F1A9348 recipeRevision=35 quality=interactive
[live-edit 807648283.224] CIRAWFilter apply sessionID=1098ECAF-C217-46B7-8DFC-BB9C3F1A9348 tier=interactive exposure=1.7000000000000002 temp=6500.0 scale=0.2667
[live-edit 807648283.225] render finish requestID=C780BD2A-B0DA-46A2-90DC-B9590EB0398D durationMs=1.0 rawHit=false cancelled=false
[live-edit 807648283.225] publication accepted requestID=C780BD2A-B0DA-46A2-90DC-B9590EB0398D recipeRevision=35 textureID=ObjectIdentifier(0x000000088e0f50a0) inputToVisibleMs=1.3
[live-edit 807648283.233] slider event photoID=A2365861-0F28-4AD8-A5E6-5F1F695493EE sessionID=D4DC2990-F3D8-403A-B2C3-8328B57AC67F recipeRevision=36 control=exposure value=1.750
[live-edit 807648283.233] render start requestID=D930D43A-DB5B-4104-8E17-2388CB288A59 photoID=A2365861-0F28-4AD8-A5E6-5F1F695493EE sessionID=1098ECAF-C217-46B7-8DFC-BB9C3F1A9348 recipeRevision=36 quality=interactive
[live-edit 807648283.233] CIRAWFilter apply sessionID=1098ECAF-C217-46B7-8DFC-BB9C3F1A9348 tier=interactive exposure=1.75 temp=6500.0 scale=0.2667
[live-edit 807648283.234] render finish requestID=D930D43A-DB5B-4104-8E17-2388CB288A59 durationMs=1.4 rawHit=false cancelled=false
[live-edit 807648283.234] publication accepted requestID=D930D43A-DB5B-4104-8E17-2388CB288A59 recipeRevision=36 textureID=ObjectIdentifier(0x000000088e0f5280) inputToVisibleMs=1.7
[live-edit 807648283.242] slider event photoID=A2365861-0F28-4AD8-A5E6-5F1F695493EE sessionID=88282525-4E6A-4053-93C9-BFCDBD4081C1 recipeRevision=37 control=exposure value=1.800
[live-edit 807648283.242] render start requestID=3F38A678-D2E9-4C31-AE33-DEF9D7956269 photoID=A2365861-0F28-4AD8-A5E6-5F1F695493EE sessionID=1098ECAF-C217-46B7-8DFC-BB9C3F1A9348 recipeRevision=37 quality=interactive
[live-edit 807648283.242] CIRAWFilter apply sessionID=1098ECAF-C217-46B7-8DFC-BB9C3F1A9348 tier=interactive exposure=1.8 temp=6500.0 scale=0.2667
[live-edit 807648283.243] render finish requestID=3F38A678-D2E9-4C31-AE33-DEF9D7956269 durationMs=1.1 rawHit=false cancelled=false
[live-edit 807648283.243] publication accepted requestID=3F38A678-D2E9-4C31-AE33-DEF9D7956269 recipeRevision=37 textureID=ObjectIdentifier(0x000000088e0f54a0) inputToVisibleMs=1.4
[live-edit 807648283.251] slider event photoID=A2365861-0F28-4AD8-A5E6-5F1F695493EE sessionID=8D7CCB74-9C73-4942-8EC2-1DAB8E00D9CA recipeRevision=38 control=exposure value=1.850
[live-edit 807648283.251] render start requestID=3DFD68A0-EEEB-4E2E-BA37-849238A983CD photoID=A2365861-0F28-4AD8-A5E6-5F1F695493EE sessionID=1098ECAF-C217-46B7-8DFC-BB9C3F1A9348 recipeRevision=38 quality=interactive
[live-edit 807648283.252] CIRAWFilter apply sessionID=1098ECAF-C217-46B7-8DFC-BB9C3F1A9348 tier=interactive exposure=1.85 temp=6500.0 scale=0.2667
[live-edit 807648283.253] render finish requestID=3DFD68A0-EEEB-4E2E-BA37-849238A983CD durationMs=1.4 rawHit=false cancelled=false
[live-edit 807648283.253] publication accepted requestID=3DFD68A0-EEEB-4E2E-BA37-849238A983CD recipeRevision=38 textureID=ObjectIdentifier(0x000000088e0f5680) inputToVisibleMs=1.8
[live-edit 807648283.260] slider event photoID=A2365861-0F28-4AD8-A5E6-5F1F695493EE sessionID=307B05A9-850B-400C-B4F2-0FD871ACD699 recipeRevision=39 control=exposure value=1.900
[live-edit 807648283.260] render start requestID=C2DB0011-F658-440B-AC7D-0D64F44AFDD5 photoID=A2365861-0F28-4AD8-A5E6-5F1F695493EE sessionID=1098ECAF-C217-46B7-8DFC-BB9C3F1A9348 recipeRevision=39 quality=interactive
[live-edit 807648283.261] CIRAWFilter apply sessionID=1098ECAF-C217-46B7-8DFC-BB9C3F1A9348 tier=interactive exposure=1.9000000000000001 temp=6500.0 scale=0.2667
[live-edit 807648283.262] render finish requestID=C2DB0011-F658-440B-AC7D-0D64F44AFDD5 durationMs=1.7 rawHit=false cancelled=false
[live-edit 807648283.262] publication accepted requestID=C2DB0011-F658-440B-AC7D-0D64F44AFDD5 recipeRevision=39 textureID=ObjectIdentifier(0x000000088e0f5880) inputToVisibleMs=2.0
[live-edit 807648283.269] slider event photoID=A2365861-0F28-4AD8-A5E6-5F1F695493EE sessionID=AF9C77EA-3A6D-4E7E-861B-FFD8D39AB77F recipeRevision=40 control=exposure value=1.950
[live-edit 807648283.269] render start requestID=E2645D43-157A-4F75-8FC6-60BD9B4042DC photoID=A2365861-0F28-4AD8-A5E6-5F1F695493EE sessionID=1098ECAF-C217-46B7-8DFC-BB9C3F1A9348 recipeRevision=40 quality=interactive
[live-edit 807648283.270] CIRAWFilter apply sessionID=1098ECAF-C217-46B7-8DFC-BB9C3F1A9348 tier=interactive exposure=1.9500000000000002 temp=6500.0 scale=0.2667
[live-edit 807648283.271] render finish requestID=E2645D43-157A-4F75-8FC6-60BD9B4042DC durationMs=1.3 rawHit=false cancelled=false
[live-edit 807648283.271] publication accepted requestID=E2645D43-157A-4F75-8FC6-60BD9B4042DC recipeRevision=40 textureID=ObjectIdentifier(0x000000088e0f5a60) inputToVisibleMs=1.8
[live-edit 807648283.280] CIRAWFilter apply sessionID=1098ECAF-C217-46B7-8DFC-BB9C3F1A9348 tier=interactive exposure=1.1 temp=5600.0 scale=0.2667
[live-edit 807648283.549] CIRAWFilter apply sessionID=1098ECAF-C217-46B7-8DFC-BB9C3F1A9348 tier=interactive exposure=0.3 temp=5600.0 scale=0.2667
{
  "build" : "Debug",
  "failures" : 0,
  "fixture" : "\/Users\/aniketh\/Pictures\/jeevana_mehendi_2026_MATCHED_RAWS\/DSC08242.ARW",
  "generatedAt" : "2026-08-05T18:44:41Z",
  "live" : {
    "capabilities" : "exposure:supported wb:supported nr:supported sharpen:supported lens:supported draft:supported",
    "controlPixelDiffs" : {
      "contrast" : {
        "mae_8bit" : 106.64,
        "minMAE" : 0.5,
        "pass" : true
      },
      "exposure" : {
        "mae_8bit" : 65.109999999999999,
        "minMAE" : 2,
        "pass" : true
      },
      "highlights" : {
        "mae_8bit" : 2.1600000000000001,
        "minMAE" : 0.5,
        "pass" : true
      },
      "saturation" : {
        "mae_8bit" : 10.15,
        "minMAE" : 0.5,
        "pass" : true
      },
      "shadows" : {
        "mae_8bit" : 30.960000000000001,
        "minMAE" : 0.5,
        "pass" : true
      },
      "temperature" : {
        "mae_8bit" : 15.68,
        "minMAE" : 1,
        "pass" : true
      },
      "tint" : {
        "mae_8bit" : 6.3600000000000003,
        "minMAE" : 0.5,
        "pass" : true
      }
    },
    "exportColorSpace" : "kCGColorSpaceROMMRGB",
    "exportGraphMs" : 0.40000000000000002,
    "fidelity" : {
      "clippedFractionExport" : 0.34000000000000002,
      "clippedFractionPreview" : 0.34999999999999998,
      "deltaE2000Mean" : 0.95999999999999996,
      "deltaE2000P95" : 3.9199999999999999,
      "maeB_8bit" : 0.71999999999999997,
      "maeG_8bit" : 0.78000000000000003,
      "maeR_8bit" : 2.1600000000000001,
      "maxChannelDelta_8bit" : 186,
      "note" : "settled preview (display space) vs full export (ProPhoto) resampled to sRGB 1024px; difference PNG amplified ×8",
      "size" : 1024,
      "ssimLuma" : 0.97999999999999998,
      "status" : "measured"
    },
    "handoff" : {
      "colorSpace" : "kCGColorSpaceROMMRGB",
      "exiftool" : {
        "bitsPerSample" : "16 16 16 16",
        "compression" : "Adobe Deflate",
        "profile" : "ROMM RGB: ISO 22028-2:2013",
        "size" : "6000x4000"
      },
      "mergeOutcome" : "created",
      "tiffSHA256" : "4c226111acbd11319b02bc40a0c4b0bb52bd6d6bcab08b8065362176325ed84d",
      "totalMs" : 6238.3999999999996
    },
    "interactiveColdMs" : 153.09999999999999,
    "interactiveFidelity" : "interactive",
    "interactiveScrub" : {
      "count" : 20,
      "maxMs" : 16,
      "p50Ms" : 13.699999999999999,
      "p95Ms" : 16,
      "rawStageCacheHits" : 20
    },
    "interactiveSettledDiscontinuity" : {
      "gate" : "fail if > 12",
      "maeLuma_8bit" : 0.92000000000000004
    },
    "megapixels" : 24,
    "oneToOneMs" : 10.4,
    "pixels" : "6000x4000",
    "prepareMs" : 203.40000000000001,
    "rawIntentInvalidates" : true,
    "scrubDrain" : {
      "atLeast20Frames" : true,
      "completedPublishes" : 40,
      "convergedOnLatest" : true,
      "finalDisplayedRevision" : 40,
      "inputToVisibleP50Ms" : 1.3,
      "inputToVisibleP95Ms" : 2,
      "lifecycleSessionPrepares" : 1,
      "note" : "Interactive lane drains latest-wins; cancel no longer discards finished frames.",
      "staleRejected" : 0,
      "steps" : 40
    },
    "settledFidelity" : "rawSettled",
    "settledMs" : 252.69999999999999
  },
  "mappingVersion" : "lumina-ciraw-1",
  "unitChecks" : [
    {
      "name" : "gen: first result presents",
      "pass" : true
    },
    {
      "name" : "gen: newer presents",
      "pass" : true
    },
    {
      "name" : "gen: stale rejected",
      "pass" : true
    },
    {
      "name" : "intents: look change preserves RawIntent",
      "pass" : true
    },
    {
      "name" : "intents: look change alters LookIntent",
      "pass" : true
    },
    {
      "name" : "intents: exposure invalidates RawIntent",
      "pass" : true
    },
    {
      "name" : "intents: exposure preserves GeometryIntent",
      "pass" : true
    },
    {
      "name" : "honesty: disabled controls render-inert",
      "pass" : true
    },
    {
      "name" : "wb: default is as-shot",
      "pass" : true
    },
    {
      "name" : "wb: override detected",
      "pass" : true
    },
    {
      "name" : "cache: look change changes final key",
      "pass" : true
    },
    {
      "name" : "cache: tier separates keys",
      "pass" : true
    },
    {
      "name" : "cache: disabled control does not thrash keys",
      "pass" : true
    },
    {
      "name" : "heal: fingerprint includes spots",
      "pass" : true
    },
    {
      "name" : "heal: donor pixels cloned onto spot center",
      "pass" : true
    },
    {
      "name" : "heal: distant pixels untouched",
      "pass" : true
    }
  ],
  "workingSpaceVersion" : "ws-linear-extended-srgb-1",
  "xmpMerge" : [
    {
      "name" : "xmp: fresh sidecar created",
      "pass" : true
    },
    {
      "name" : "xmp: lumina re-merge is clean update",
      "pass" : true
    },
    {
      "name" : "xmp: external edit detected as conflict",
      "pass" : true
    },
    {
      "name" : "xmp: foreign property preserved through merge",
      "pass" : true
    },
    {
      "name" : "xmp: conflict recorded in sidecar",
      "pass" : true
    },
    {
      "name" : "xmp: disabled controls never emitted",
      "pass" : true
    },
    {
      "name" : "xmp: corrupt sidecar surfaces as conflict",
      "pass" : true
    },
    {
      "name" : "xmp: corrupt original preserved as backup",
      "pass" : true
    },
    {
      "name" : "xmp: fresh sidecar written after corruption",
      "pass" : true
    }
  ]
}
