# Frozen app-target source manifest (CQ.1 zero-behaviour-change proof).
# <path>\t<sha256-16 of source with comments stripped>
# The D40 quarantine moved files between directories; it did not change
# which files the Lumina target compiles, nor their code. Regenerate only
# when a checkpoint intentionally adds or retires a source:
#   python3 Scripts/ci/target_truth.py --generate
# 136 sources.
DesignTokens/HiFiTokens.generated.swift	f1b63b367b536451
Legacy/ContentView.swift	ab3ee64a578468b2
Legacy/Core/TablePhotographSelection.swift	8b617c195144832c
Legacy/Presentation/PresentationAdapter.swift	206b9481510d4948
Legacy/Presentation/PresentationFixtures.swift	9b94620c213ba6eb
Legacy/Services/BlurScorer.swift	afa370625d0a5bd8
Legacy/Services/CatalogAgent.swift	26909609c13b4997
Legacy/Services/CullEngine.swift	c152a11b05cf31e9
Legacy/Services/FaceDetector.swift	b1ccd2f266cf4876
Legacy/Services/FeedbackStore.swift	14616599d7bce5e6
Legacy/Services/ImportPipeline.swift	465e754894965c3e
Legacy/Services/IngestOrchestrator.swift	fe0b48a0fd469ca3
Legacy/Services/PeerCullEngine.swift	c0fa00e0a9f5f1ec
Legacy/Services/PhotoAgentOrchestrator.swift	040e48c10460c233
Legacy/Services/PhotoScorer.swift	ae213221b561de38
Legacy/Services/QualityScorer.swift	8e2696e042b57306
Legacy/Services/TasteIndex.swift	84324331343719a6
Legacy/Services/TasteProfileDescription.swift	e519e870372b6382
Legacy/Services/VisionAssist.swift	7eac3f0d97f64532
Legacy/Services/XMPDevelopParser.swift	344ec4ccd6c3ed06
Legacy/Shell/LuminaShellModel.swift	67b26cf52e39053f
Legacy/Shell/LuminaShellView.swift	0254ec927b39f169
Legacy/Shell/WorkbenchSelection.swift	71025e02b0a25312
Legacy/ViewModels/ProjectViewModel.swift	a0b86f02af2c1393
Legacy/Views/CompareAndSoftViews.swift	29ac9166fd3dcb97
Legacy/Views/Components/FloatingDecisionShelf.swift	a8d0ca3cdd079d90
Legacy/Views/Components/GradedPhotoView.swift	7af2a2de01052ad2
Legacy/Views/Components/LiveDevelopView.swift	98228b0bddb7896a
Legacy/Views/Components/SwimLaneContainer.swift	71f2e2c81d6e319c
Legacy/Views/Components/WorkspaceChrome.swift	b99986af3edde5e5
Legacy/Views/Components/WorkspaceCommandBar.swift	a3f2a18bf4a5d703
Legacy/Views/ExportPayoffSheet.swift	673345dcb2d65302
Legacy/Views/GridOverviewView.swift	54cf39515da6d9cf
Legacy/Views/ImportLoadingView.swift	f30917f5b2f644cc
Legacy/Views/PhotoGridView.swift	53f142e0b99d99d2
Legacy/Views/PhotoImageView.swift	8d228945b3c8f657
Legacy/Views/ProgressivePhotoWall.swift	dce0813aa5fe3bfb
Legacy/Views/SpeedBrowseViewer.swift	aec2b0bb2651638f
Legacy/Views/SpeedContractHUD.swift	6a3d5c87f9069ddc
Legacy/Views/UncertainAndClusterViews.swift	cc97cb78f9e0cb72
Legacy/Views/UnifiedCanvasView.swift	55814b5e3ba53324
Legacy/Views/Workspace/CommandHandlingModifier.swift	4c1dcb0773a3c2b3
Legacy/Views/Workspace/ContextualTreatmentStrip.swift	465cdadc3540172a
Legacy/Views/Workspace/ContinuousWorkspaceView.swift	ea2887623ba4e87f
Legacy/Views/Workspace/DockedAdaptChipView.swift	4722b2974f458754
Legacy/Views/Workspace/EmergingSetRail.swift	d3476df38e3039ef
Legacy/Views/Workspace/FinishView.swift	295ad0ce7d790a55
Legacy/Views/Workspace/FocusOverlayView.swift	56ef00fa26c71ade
Legacy/Views/Workspace/HomeView.swift	08ae101ce0b78456
Legacy/Views/Workspace/ShootSelectionView.swift	38b7038993ba9dd7
Legacy/Views/Workspace/StoryCanvasView.swift	4c25d763b1331884
Legacy/Views/Workspace/TableRubberBandOverlay.swift	b2c5fe9db0cc6d69
Legacy/Views/Workspace/TableTileFramePreference.swift	f0cab0a2f0be0724
Legacy/Views/Workspace/TreatmentFamilyRow.swift	df26ed2f5e3bebab
Legacy/Views/Workspace/TreatmentStageView.swift	3e07b924de1343ef
Legacy/Views/Workspace/WorkbenchCapture.swift	7271e78a2954fbb9
Legacy/Views/Workspace/WorkbenchShelf.swift	dd84570515fd13d8
Lumina/Core/PropagationState.swift	039590d4cfacae1a
Lumina/Design/CopyContract.swift	a8d9e4c519e53313
Lumina/Design/EditRailLayout.swift	f907487f34951c5e
Lumina/Design/LuminaHaptics.swift	fa3b11a98713c906
Lumina/Design/LuminaTokens.swift	e72f91351df75118
Lumina/Design/StagingCopyContext.swift	f7080c849dbe1b32
Lumina/Design/TableLayout.swift	f3df936744f61da5
Lumina/Develop/BatchTreatmentSession.swift	84f94171bf1da29a
Lumina/Develop/CropSession.swift	9b28d6c2016cf4f9
Lumina/Develop/DevelopColorPolicy.swift	1e045170c15d6dd9
Lumina/Develop/DevelopHistogram.swift	5c91103eb0a81835
Lumina/Develop/DevelopIntents.swift	269c668360848e79
Lumina/Develop/DevelopRenderGraph.swift	afe89066e50ee107
Lumina/Develop/DevelopRenderScheduler.swift	46495453f27e0f87
Lumina/Develop/EditRecipe.swift	4dcf9a4c52c9b312
Lumina/Develop/Lab/DevelopLabLauncher.swift	92a903ca5f609143
Lumina/Develop/Lab/DevelopLabModel.swift	1139dd6e7da54d6b
Lumina/Develop/Lab/DevelopLabView.swift	2cf295cacbce3389
Lumina/Develop/Lab/DevelopMetalView.swift	bdfe417a348466d1
Lumina/Develop/Lab/RawHarnessRunner.swift	ea05f505e051f160
Lumina/Develop/PhotoEditBinding.swift	4be81a607a6ac4a3
Lumina/Develop/PreparedRawSession.swift	75b721001c105be0
Lumina/Develop/RawRenderRequest.swift	89a9f13966bc36b2
Lumina/LuminaApp.swift	7fcd4bbd40191cc8
Lumina/Models/AgentModels.swift	ff94bf85b14cff49
Lumina/Models/AssetIdentity.swift	6b4c559f4377251a
Lumina/Models/CatalogModels.swift	6cd1a8173b0e7bf4
Lumina/Models/IngestManifest.swift	1ec61c075b5c1970
Lumina/Models/P0Command.swift	8feef10abed22b14
Lumina/Models/P0State.swift	e2c3880e55901604
Lumina/Models/PhotoRecord.swift	ceb3b6206984bdf1
Lumina/Models/ShootMigration.swift	fe2529b25b8c8d78
Lumina/Presentation/PresentationModels.swift	52e5e0e681b3e189
Lumina/Rendering/AspectFitGeometry.swift	fa6fce9cd6a6d6b0
Lumina/Rendering/ImagePixelFormat.swift	7d4f3961bdd565bd
Lumina/Services/AutoDevelop.swift	0dea42e93ea23095
Lumina/Services/AutoWhiteBalance.swift	5663b1afda5ec0a3
Lumina/Services/CatalogStore.swift	ad9b133d14b6aebe
Lumina/Services/ContactSheetPreparation.swift	957c1640b2cc4c49
Lumina/Services/DevelopEngine.swift	32b545e897ff11da
Lumina/Services/DevelopProposalEngine.swift	b3043e9c3652be55
Lumina/Services/ExportService.swift	e09acd5491033ce3
Lumina/Services/FileDropResolver.swift	98bcf7df9850521e
Lumina/Services/IngestPreferences.swift	fa5be0380ed65b53
Lumina/Services/LatencyMetrics.swift	a9afb5c48227b08d
Lumina/Services/LightroomHandoffService.swift	3db570bf115be731
Lumina/Services/MediaFormats.swift	d17880fdef052114
Lumina/Services/MetalPreviewPool.swift	0f7d7603687e389f
Lumina/Services/PhotoImageCache.swift	7b9b3722bc2b03db
Lumina/Services/PreviewSpine.swift	be3608edb1079d00
Lumina/Services/ProjectStore.swift	a4bbbd27f5e3739c
Lumina/Services/SecurityScopedAccess.swift	f145cb6732341b5f
Lumina/Services/ShootStore.swift	6dfe23c3a20c7972
Lumina/Services/SourceCatalog.swift	86f89bd03d879889
Lumina/Testing/P0AccessibilityID.swift	4fdab877d6e8f9d1
Lumina/Testing/ProbeV2/AcceptanceSignposts.swift	4a1aadc832a4e6f1
Lumina/Testing/ProbeV2/HarnessFakeClock.swift	bc0846175dbb9bab
Lumina/Testing/ProbeV2/StateProbeV2.swift	f7f53230543cdf9f
Lumina/Testing/UITestFixtures.swift	6f2003ffae75754b
Lumina/Testing/UITestLaunch.swift	45524fa9fc6daefd
Lumina/Testing/UITestStateProbe.swift	0dbfd73d1cca743d
Lumina/Testing/UITestSupport.swift	ab991bc391df1374
Lumina/ViewModels/P0SessionModel.swift	c53a6fe066ba9c52
Lumina/Views/Components/CropOverlayView.swift	6e65aebd75fb9151
Lumina/Views/Components/DecisionDock.swift	0518e0576017759b
Lumina/Views/Components/DevelopHistogramView.swift	3dc24b7f644f5fba
Lumina/Views/Components/EditProvenanceChip.swift	f626fa13fb42701e
Lumina/Views/Components/RecoveryFactsChip.swift	97e56db5e09cea36
Lumina/Views/Components/ShortcutsGlanceOverlay.swift	ba86505e3cf6f618
Lumina/Views/Components/StablePhotoView.swift	51c5b85ab7b3f9c2
Lumina/Views/LuminaAtmosphere.swift	addb0d23cafe3f23
Lumina/Views/LuminaButtons.swift	b880edebfe823670
Lumina/Views/MetalBrowseCanvas.swift	223ca117d093d88e
Lumina/Views/P0/ContactSheetCollection.swift	bb8aa37ee72b9bd0
Lumina/Views/P0/P0ContactSheetView.swift	75dee1b9e2a8a575
Lumina/Views/P0/P0OpenView.swift	da486b6a44f7f282
Lumina/Views/P0/P0RootView.swift	7d8b9bbbdf27e982
Salvage/Services/EmbeddingService.swift	9aed5a53694eb21e
Salvage/Services/ExifToolService.swift	0e1572d5875f442d
