# Frozen Legacy/ file manifest — the D40 quarantine may only shrink.
# Regenerate after a checkpoint retires a slice:
#   Scripts/lint/quarantine_d40.sh --refresh
# 56 files under quarantine.
Legacy/ContentView.swift
Legacy/Core/TablePhotographSelection.swift
Legacy/Presentation/PresentationAdapter.swift
Legacy/Presentation/PresentationFixtures.swift
Legacy/Services/BlurScorer.swift
Legacy/Services/CatalogAgent.swift
Legacy/Services/CullEngine.swift
Legacy/Services/FaceDetector.swift
Legacy/Services/FeedbackStore.swift
Legacy/Services/ImportPipeline.swift
Legacy/Services/IngestOrchestrator.swift
Legacy/Services/PeerCullEngine.swift
Legacy/Services/PhotoAgentOrchestrator.swift
Legacy/Services/PhotoScorer.swift
Legacy/Services/QualityScorer.swift
Legacy/Services/TasteIndex.swift
Legacy/Services/TasteProfileDescription.swift
Legacy/Services/VisionAssist.swift
Legacy/Services/XMPDevelopParser.swift
Legacy/Shell/LuminaShellModel.swift
Legacy/Shell/LuminaShellView.swift
Legacy/Shell/WorkbenchSelection.swift
Legacy/ViewModels/ProjectViewModel.swift
Legacy/Views/CompareAndSoftViews.swift
Legacy/Views/Components/FloatingDecisionShelf.swift
Legacy/Views/Components/GradedPhotoView.swift
Legacy/Views/Components/LiveDevelopView.swift
Legacy/Views/Components/SwimLaneContainer.swift
Legacy/Views/Components/WorkspaceChrome.swift
Legacy/Views/Components/WorkspaceCommandBar.swift
Legacy/Views/ExportPayoffSheet.swift
Legacy/Views/GridOverviewView.swift
Legacy/Views/ImportLoadingView.swift
Legacy/Views/PhotoGridView.swift
Legacy/Views/PhotoImageView.swift
Legacy/Views/ProgressivePhotoWall.swift
Legacy/Views/SpeedBrowseViewer.swift
Legacy/Views/SpeedContractHUD.swift
Legacy/Views/UncertainAndClusterViews.swift
Legacy/Views/UnifiedCanvasView.swift
Legacy/Views/Workspace/CommandHandlingModifier.swift
Legacy/Views/Workspace/ContextualTreatmentStrip.swift
Legacy/Views/Workspace/ContinuousWorkspaceView.swift
Legacy/Views/Workspace/DockedAdaptChipView.swift
Legacy/Views/Workspace/EmergingSetRail.swift
Legacy/Views/Workspace/FinishView.swift
Legacy/Views/Workspace/FocusOverlayView.swift
Legacy/Views/Workspace/HomeView.swift
Legacy/Views/Workspace/ShootSelectionView.swift
Legacy/Views/Workspace/StoryCanvasView.swift
Legacy/Views/Workspace/TableRubberBandOverlay.swift
Legacy/Views/Workspace/TableTileFramePreference.swift
Legacy/Views/Workspace/TreatmentFamilyRow.swift
Legacy/Views/Workspace/TreatmentStageView.swift
Legacy/Views/Workspace/WorkbenchCapture.swift
Legacy/Views/Workspace/WorkbenchShelf.swift
